g++ -g -Wall -Wextra -std=c++20 -Ilib -c src/problem004.cpp -o out/problem004.o
